
> smsly-hosting-frontend@2.0.0 build
> next build

   Γû▓ Next.js 15.1.6
   - Environments: .env.production

   Creating an optimized production build ...
node.exe : request to https://fonts
.googleapis.com/css2?family=JetBrai
ns+Mono:wght@100..800&display=swap 
failed, reason: connect ETIMEDOUT 
142.250.129.95:443
At line:1 char:1
+ & "C:\Program 
Files\nodejs/node.exe" "C:\Program 
Files\nodejs/node_mo ...
+ ~~~~~~~~~~~~~~~~~~~~~~~~~~~~~~~~~
~~~~~~~~~~~~~~~~~~~~~~~~~~~~~~~~~~~
~
    + CategoryInfo          : NotS 
   pecified: (request to http....  
  250.129.95:443:String) [], Rem   
 oteException
    + FullyQualifiedErrorId : Nati 
   veCommandError
 

Retrying 1/3...
request to https://fonts.googleapis
.com/css2?family=Inter:wght@100..90
0&display=swap failed, reason: 
connect ETIMEDOUT 
142.250.129.95:443

Retrying 1/3...
request to https://fonts.googleapis
.com/css2?family=JetBrains+Mono:wgh
t@100..800&display=swap failed, 
reason: connect ETIMEDOUT 
142.250.129.95:443

Retrying 2/3...
request to https://fonts.googleapis
.com/css2?family=Inter:wght@100..90
0&display=swap failed, reason: 
connect ETIMEDOUT 
142.250.129.95:443

Retrying 2/3...
request to https://fonts.googleapis
.com/css2?family=JetBrains+Mono:wgh
t@100..800&display=swap failed, 
reason: connect ETIMEDOUT 
142.250.129.95:443

Retrying 3/3...
request to https://fonts.googleapis
.com/css2?family=Inter:wght@100..90
0&display=swap failed, reason: 
connect ETIMEDOUT 
142.250.129.95:443

Retrying 3/3...
Error [FetchError]: request to http
s://fonts.googleapis.com/css2?famil
y=JetBrains+Mono:wght@100..800&disp
lay=swap failed, reason: connect 
ETIMEDOUT 142.250.129.95:443
    at FetchError: request to https
://fonts.googleapis.com/css2?family
=JetBrains+Mono:wght 
(100..800&display=swap failed, 
reason: connect ETIMEDOUT 
142.250.129.95:443) {
  type: 'system',
  errno: 'ETIMEDOUT',
  code: 'ETIMEDOUT',
  constructor: [Function: 
FetchError]
}
Error [FetchError]: request to http
s://fonts.googleapis.com/css2?famil
y=Inter:wght@100..900&display=swap 
failed, reason: connect ETIMEDOUT 
142.250.129.95:443
    at FetchError: request to https
://fonts.googleapis.com/css2?family
=Inter:wght (100..900&display=swap 
failed, reason: connect ETIMEDOUT 
142.250.129.95:443) {
  type: 'system',
  errno: 'ETIMEDOUT',
  code: 'ETIMEDOUT',
  constructor: [Function: 
FetchError]
}
Failed to compile.

src\app\layout.tsx
`next/font` error:
Failed to fetch `Inter` from 
Google Fonts.

src\app\layout.tsx
`next/font` error:
Failed to fetch `JetBrains Mono` 
from Google Fonts.

src\app\layout.tsx
An error occurred in `next/font`.

NextFontError: Failed to fetch 
`Inter` from Google Fonts.
    at nextFontError (C:\Users\osar
etin\Downloads\smslycloud-master\sm
sly-hosting\frontend\node_modules\n
ext\dist\compiled\@next\font\dist\n
ext-font-error.js:8:17)
    at nextFontGoogleFontLoader (C:
\Users\osaretin\Downloads\smslyclou
d-master\smsly-hosting\frontend\nod
e_modules\next\dist\compiled\@next\
font\dist\google\loader.js:97:49)
    at 
process.processTicksAndRejections (
node:internal/process/task_queues:1
03:5)
    at async Span.traceAsyncFn (C:\
Users\osaretin\Downloads\smslycloud
-master\smsly-hosting\frontend\node
_modules\next\dist\trace\trace.js:1
53:20)
    at async C:\Users\osaretin\Down
loads\smslycloud-master\smsly-hosti
ng\frontend\node_modules\next\dist\
build\webpack\loaders\next-font-loa
der\index.js:76:87
    at async Span.traceAsyncFn (C:\
Users\osaretin\Downloads\smslycloud
-master\smsly-hosting\frontend\node
_modules\next\dist\trace\trace.js:1
53:20)
    at tryRunOrWebpackError (C:\Use
rs\osaretin\Downloads\smslycloud-ma
ster\smsly-hosting\frontend\node_mo
dules\next\dist\compiled\webpack\bu
ndle5.js:28:314962)
    at __webpack_require_module__ (
C:\Users\osaretin\Downloads\smslycl
oud-master\smsly-hosting\frontend\n
ode_modules\next\dist\compiled\webp
ack\bundle5.js:28:131434)
    at 
__nested_webpack_require_161179__ (
C:\Users\osaretin\Downloads\smslycl
oud-master\smsly-hosting\frontend\n
ode_modules\next\dist\compiled\webp
ack\bundle5.js:28:130872)
    at C:\Users\osaretin\Downloads\
smslycloud-master\smsly-hosting\fro
ntend\node_modules\next\dist\compil
ed\webpack\bundle5.js:28:131723
    at symbolIterator (C:\Users\osa
retin\Downloads\smslycloud-master\s
msly-hosting\frontend\node_modules\
next\dist\compiled\neo-async\async.
js:1:14444)
    at done (C:\Users\osaretin\Down
loads\smslycloud-master\smsly-hosti
ng\frontend\node_modules\next\dist\
compiled\neo-async\async.js:1:14824
)
    at Hook.eval [as callAsync] 
(eval at create (C:\Users\osaretin\
Downloads\smslycloud-master\smsly-h
osting\frontend\node_modules\next\d
ist\compiled\webpack\bundle5.js:13:
9218), <anonymous>:15:1)
    at C:\Users\osaretin\Downloads\
smslycloud-master\smsly-hosting\fro
ntend\node_modules\next\dist\compil
ed\webpack\bundle5.js:28:130593
    at symbolIterator (C:\Users\osa
retin\Downloads\smslycloud-master\s
msly-hosting\frontend\node_modules\
next\dist\compiled\neo-async\async.
js:1:14402)
    at timesSync (C:\Users\osaretin
\Downloads\smslycloud-master\smsly-
hosting\frontend\node_modules\next\
dist\compiled\neo-async\async.js:1:
5027)
-- inner error --
NextFontError: Failed to fetch 
`Inter` from Google Fonts.
    at nextFontError (C:\Users\osar
etin\Downloads\smslycloud-master\sm
sly-hosting\frontend\node_modules\n
ext\dist\compiled\@next\font\dist\n
ext-font-error.js:8:17)
    at nextFontGoogleFontLoader (C:
\Users\osaretin\Downloads\smslyclou
d-master\smsly-hosting\frontend\nod
e_modules\next\dist\compiled\@next\
font\dist\google\loader.js:97:49)
    at 
process.processTicksAndRejections (
node:internal/process/task_queues:1
03:5)
    at async Span.traceAsyncFn (C:\
Users\osaretin\Downloads\smslycloud
-master\smsly-hosting\frontend\node
_modules\next\dist\trace\trace.js:1
53:20)
    at async C:\Users\osaretin\Down
loads\smslycloud-master\smsly-hosti
ng\frontend\node_modules\next\dist\
build\webpack\loaders\next-font-loa
der\index.js:76:87
    at async Span.traceAsyncFn (C:\
Users\osaretin\Downloads\smslycloud
-master\smsly-hosting\frontend\node
_modules\next\dist\trace\trace.js:1
53:20)
    at Object.<anonymous> (C:\Users
\osaretin\Downloads\smslycloud-mast
er\smsly-hosting\frontend\node_modu
les\next\dist\build\webpack\loaders
\css-loader\src\index.js??ruleSet[1
].rules[13].oneOf[2].use[1]!C:\User
s\osaretin\Downloads\smslycloud-mas
ter\smsly-hosting\frontend\node_mod
ules\next\dist\build\webpack\loader
s\next-font-loader\index.js??ruleSe
t[1].rules[13].oneOf[2].use[2]!C:\U
sers\osaretin\Downloads\smslycloud-
master\smsly-hosting\frontend\node_
modules\next\font\google\target.css
?{"path":"src\\app\\layout.tsx","im
port":"Inter","arguments":[{"subset
s":["latin"],"variable":"--font-san
s"}],"variableName":"inter"}:1:7)
    at C:\Users\osaretin\Downloads\
smslycloud-master\smsly-hosting\fro
ntend\node_modules\next\dist\compil
ed\webpack\bundle5.js:28:955548
    at Hook.eval [as call] (eval 
at create (C:\Users\osaretin\Downlo
ads\smslycloud-master\smsly-hosting
\frontend\node_modules\next\dist\co
mpiled\webpack\bundle5.js:13:8996),
 <anonymous>:7:1)
    at C:\Users\osaretin\Downloads\
smslycloud-master\smsly-hosting\fro
ntend\node_modules\next\dist\compil
ed\webpack\bundle5.js:28:131467
    at tryRunOrWebpackError (C:\Use
rs\osaretin\Downloads\smslycloud-ma
ster\smsly-hosting\frontend\node_mo
dules\next\dist\compiled\webpack\bu
ndle5.js:28:314916)
    at __webpack_require_module__ (
C:\Users\osaretin\Downloads\smslycl
oud-master\smsly-hosting\frontend\n
ode_modules\next\dist\compiled\webp
ack\bundle5.js:28:131434)
    at 
__nested_webpack_require_161179__ (
C:\Users\osaretin\Downloads\smslycl
oud-master\smsly-hosting\frontend\n
ode_modules\next\dist\compiled\webp
ack\bundle5.js:28:130872)
    at C:\Users\osaretin\Downloads\
smslycloud-master\smsly-hosting\fro
ntend\node_modules\next\dist\compil
ed\webpack\bundle5.js:28:131723
    at symbolIterator (C:\Users\osa
retin\Downloads\smslycloud-master\s
msly-hosting\frontend\node_modules\
next\dist\compiled\neo-async\async.
js:1:14444)
    at done (C:\Users\osaretin\Down
loads\smslycloud-master\smsly-hosti
ng\frontend\node_modules\next\dist\
compiled\neo-async\async.js:1:14824
)

Generated code for C:\Users\osareti
n\Downloads\smslycloud-master\smsly
-hosting\frontend\node_modules\next
\dist\build\webpack\loaders\css-loa
der\src\index.js??ruleSet[1].rules[
13].oneOf[2].use[1]!C:\Users\osaret
in\Downloads\smslycloud-master\smsl
y-hosting\frontend\node_modules\nex
t\dist\build\webpack\loaders\next-f
ont-loader\index.js??ruleSet[1].rul
es[13].oneOf[2].use[2]!C:\Users\osa
retin\Downloads\smslycloud-master\s
msly-hosting\frontend\node_modules\
next\font\google\target.css?{"path"
:"src\\app\\layout.tsx","import":"I
nter","arguments":[{"subsets":["lat
in"],"variable":"--font-sans"}],"va
riableName":"inter"}

src\app\layout.tsx
An error occurred in `next/font`.

NextFontError: Failed to fetch 
`JetBrains Mono` from Google Fonts.
    at nextFontError (C:\Users\osar
etin\Downloads\smslycloud-master\sm
sly-hosting\frontend\node_modules\n
ext\dist\compiled\@next\font\dist\n
ext-font-error.js:8:17)
    at nextFontGoogleFontLoader (C:
\Users\osaretin\Downloads\smslyclou
d-master\smsly-hosting\frontend\nod
e_modules\next\dist\compiled\@next\
font\dist\google\loader.js:97:49)
    at 
process.processTicksAndRejections (
node:internal/process/task_queues:1
03:5)
    at async Span.traceAsyncFn (C:\
Users\osaretin\Downloads\smslycloud
-master\smsly-hosting\frontend\node
_modules\next\dist\trace\trace.js:1
53:20)
    at async C:\Users\osaretin\Down
loads\smslycloud-master\smsly-hosti
ng\frontend\node_modules\next\dist\
build\webpack\loaders\next-font-loa
der\index.js:76:87
    at async Span.traceAsyncFn (C:\
Users\osaretin\Downloads\smslycloud
-master\smsly-hosting\frontend\node
_modules\next\dist\trace\trace.js:1
53:20)
    at tryRunOrWebpackError (C:\Use
rs\osaretin\Downloads\smslycloud-ma
ster\smsly-hosting\frontend\node_mo
dules\next\dist\compiled\webpack\bu
ndle5.js:28:314962)
    at __webpack_require_module__ (
C:\Users\osaretin\Downloads\smslycl
oud-master\smsly-hosting\frontend\n
ode_modules\next\dist\compiled\webp
ack\bundle5.js:28:131434)
    at 
__nested_webpack_require_161179__ (
C:\Users\osaretin\Downloads\smslycl
oud-master\smsly-hosting\frontend\n
ode_modules\next\dist\compiled\webp
ack\bundle5.js:28:130872)
    at C:\Users\osaretin\Downloads\
smslycloud-master\smsly-hosting\fro
ntend\node_modules\next\dist\compil
ed\webpack\bundle5.js:28:131723
    at symbolIterator (C:\Users\osa
retin\Downloads\smslycloud-master\s
msly-hosting\frontend\node_modules\
next\dist\compiled\neo-async\async.
js:1:14444)
    at done (C:\Users\osaretin\Down
loads\smslycloud-master\smsly-hosti
ng\frontend\node_modules\next\dist\
compiled\neo-async\async.js:1:14824
)
    at Hook.eval [as callAsync] 
(eval at create (C:\Users\osaretin\
Downloads\smslycloud-master\smsly-h
osting\frontend\node_modules\next\d
ist\compiled\webpack\bundle5.js:13:
9218), <anonymous>:15:1)
    at C:\Users\osaretin\Downloads\
smslycloud-master\smsly-hosting\fro
ntend\node_modules\next\dist\compil
ed\webpack\bundle5.js:28:130593
    at symbolIterator (C:\Users\osa
retin\Downloads\smslycloud-master\s
msly-hosting\frontend\node_modules\
next\dist\compiled\neo-async\async.
js:1:14402)
    at timesSync (C:\Users\osaretin
\Downloads\smslycloud-master\smsly-
hosting\frontend\node_modules\next\
dist\compiled\neo-async\async.js:1:
5027)
-- inner error --
NextFontError: Failed to fetch 
`JetBrains Mono` from Google Fonts.
    at nextFontError (C:\Users\osar
etin\Downloads\smslycloud-master\sm
sly-hosting\frontend\node_modules\n
ext\dist\compiled\@next\font\dist\n
ext-font-error.js:8:17)
    at nextFontGoogleFontLoader (C:
\Users\osaretin\Downloads\smslyclou
d-master\smsly-hosting\frontend\nod
e_modules\next\dist\compiled\@next\
font\dist\google\loader.js:97:49)
    at 
process.processTicksAndRejections (
node:internal/process/task_queues:1
03:5)
    at async Span.traceAsyncFn (C:\
Users\osaretin\Downloads\smslycloud
-master\smsly-hosting\frontend\node
_modules\next\dist\trace\trace.js:1
53:20)
    at async C:\Users\osaretin\Down
loads\smslycloud-master\smsly-hosti
ng\frontend\node_modules\next\dist\
build\webpack\loaders\next-font-loa
der\index.js:76:87
    at async Span.traceAsyncFn (C:\
Users\osaretin\Downloads\smslycloud
-master\smsly-hosting\frontend\node
_modules\next\dist\trace\trace.js:1
53:20)
    at Object.<anonymous> (C:\Users
\osaretin\Downloads\smslycloud-mast
er\smsly-hosting\frontend\node_modu
les\next\dist\build\webpack\loaders
\css-loader\src\index.js??ruleSet[1
].rules[13].oneOf[2].use[1]!C:\User
s\osaretin\Downloads\smslycloud-mas
ter\smsly-hosting\frontend\node_mod
ules\next\dist\build\webpack\loader
s\next-font-loader\index.js??ruleSe
t[1].rules[13].oneOf[2].use[2]!C:\U
sers\osaretin\Downloads\smslycloud-
master\smsly-hosting\frontend\node_
modules\next\font\google\target.css
?{"path":"src\\app\\layout.tsx","im
port":"JetBrains_Mono","arguments":
[{"subsets":["latin"],"variable":"-
-font-mono"}],"variableName":"mono"
}:1:7)
    at C:\Users\osaretin\Downloads\
smslycloud-master\smsly-hosting\fro
ntend\node_modules\next\dist\compil
ed\webpack\bundle5.js:28:955548
    at Hook.eval [as call] (eval 
at create (C:\Users\osaretin\Downlo
ads\smslycloud-master\smsly-hosting
\frontend\node_modules\next\dist\co
mpiled\webpack\bundle5.js:13:8996),
 <anonymous>:7:1)
    at C:\Users\osaretin\Downloads\
smslycloud-master\smsly-hosting\fro
ntend\node_modules\next\dist\compil
ed\webpack\bundle5.js:28:131467
    at tryRunOrWebpackError (C:\Use
rs\osaretin\Downloads\smslycloud-ma
ster\smsly-hosting\frontend\node_mo
dules\next\dist\compiled\webpack\bu
ndle5.js:28:314916)
    at __webpack_require_module__ (
C:\Users\osaretin\Downloads\smslycl
oud-master\smsly-hosting\frontend\n
ode_modules\next\dist\compiled\webp
ack\bundle5.js:28:131434)
    at 
__nested_webpack_require_161179__ (
C:\Users\osaretin\Downloads\smslycl
oud-master\smsly-hosting\frontend\n
ode_modules\next\dist\compiled\webp
ack\bundle5.js:28:130872)
    at C:\Users\osaretin\Downloads\
smslycloud-master\smsly-hosting\fro
ntend\node_modules\next\dist\compil
ed\webpack\bundle5.js:28:131723
    at symbolIterator (C:\Users\osa
retin\Downloads\smslycloud-master\s
msly-hosting\frontend\node_modules\
next\dist\compiled\neo-async\async.
js:1:14444)
    at done (C:\Users\osaretin\Down
loads\smslycloud-master\smsly-hosti
ng\frontend\node_modules\next\dist\
compiled\neo-async\async.js:1:14824
)

Generated code for C:\Users\osareti
n\Downloads\smslycloud-master\smsly
-hosting\frontend\node_modules\next
\dist\build\webpack\loaders\css-loa
der\src\index.js??ruleSet[1].rules[
13].oneOf[2].use[1]!C:\Users\osaret
in\Downloads\smslycloud-master\smsl
y-hosting\frontend\node_modules\nex
t\dist\build\webpack\loaders\next-f
ont-loader\index.js??ruleSet[1].rul
es[13].oneOf[2].use[2]!C:\Users\osa
retin\Downloads\smslycloud-master\s
msly-hosting\frontend\node_modules\
next\font\google\target.css?{"path"
:"src\\app\\layout.tsx","import":"J
etBrains_Mono","arguments":[{"subse
ts":["latin"],"variable":"--font-mo
no"}],"variableName":"mono"}


> Build failed because of webpack 
errors
